src/components/BodyHeatmap.tsx(8,41): error TS2307: Cannot find module 'framer-motion' or its corresponding type declarations.
